// Jest Snapshot v1, https://goo.gl/fbAQLP

exports[`GET /journeys/to should match snapshot 1`] = `
Object {
  "destination": Object {
    "id": "ACC",
    "name": "Acton Central",
    "position": Object {
      "lat": 51.5087577801896,
      "lng": -0.263430199363473,
    },
    "postcode": "W3 6BD",
    "zones": Array [
      2,
    ],
  },
  "results": Array [
    Object {
      "directionsUrl": "https://www.google.com/maps/dir/?api=1&origin=Abbey+Wood+Station,London&destination=Acton+Central+Station,London&travelmode=transit",
      "journeyTime": 110,
      "origin": Object {
        "id": "ABW",
        "name": "Abbey Wood",
        "position": Object {
          "lat": 51.4907840957031,
          "lng": 0.120271969782359,
        },
        "postcode": "SE2 9RH",
      },
    },
  ],
}
`;
